src/app/attendance/reports/page.tsx(14,39): error TS2724: '"@/components/ui/table"' has no exported member named 'TableFoot'. Did you mean 'TableFooter'?
src/app/inventory/orders/page.tsx(39,29): error TS2339: Property 'unidad' does not exist on type 'InventoryItem'.
src/app/menu-planner/page.tsx(62,21): error TS2345: Argument of type '{ id: string; startDate: Date; name: string; menus: WithId<Menu>[]; }' is not assignable to parameter of type 'SetStateAction<WeeklyPlan>'.
  Property 'comedorId' is missing in type '{ id: string; startDate: Date; name: string; menus: WithId<Menu>[]; }' but required in type 'WeeklyPlan'.
src/components/daily-closing/closing-form.tsx(106,12): error TS2345: Argument of type '{ executedItems: { category: MenuItemCategory; name?: string; }[]; executedPax?: number; variations?: string; }' is not assignable to parameter of type 'Omit<DailyClosing, "date" | "closingId" | "closedBy" | "plannedMenuId">'.
  Property 'comedorId' is missing in type '{ executedItems: { category: MenuItemCategory; name?: string; }[]; executedPax?: number; variations?: string; }' but required in type 'Omit<DailyClosing, "date" | "closingId" | "closedBy" | "plannedMenuId">'.
src/components/inventory/order-form.tsx(192,56): error TS2339: Property 'unidad' does not exist on type 'InventoryItem'.
src/components/menu/meal-component-form.tsx(68,12): error TS2345: Argument of type '{ name?: string; ingredients?: { quantity?: number; inventoryItemId?: string; wasteFactor?: number; }[]; }' is not assignable to parameter of type 'Omit<MenuItem, "id" | "category">'.
  Property 'name' is optional in type '{ name?: string; ingredients?: { quantity?: number; inventoryItemId?: string; wasteFactor?: number; }[]; }' but required in type 'Omit<MenuItem, "id" | "category">'.
src/components/menu/weekly-plan-form.tsx(54,13): error TS2741: Property 'comedorId' is missing in type '{ id: any; startDate: Date; name: string; menus: any[]; }' but required in type 'WeeklyPlan'.
src/components/menus/create-menu-form.tsx(29,26): error TS2307: Cannot find module '@/hooks/use-toast' or its corresponding type declarations.
src/components/menus/create-menu-form.tsx(63,18): error TS2345: Argument of type '{ date?: Date; pax?: number; }' is not assignable to parameter of type 'Omit<Menu, "id" | "items">'.
  Property 'comedorId' is missing in type '{ date?: Date; pax?: number; }' but required in type 'Omit<Menu, "id" | "items">'.
src/components/menus/menus-report.tsx(68,42): error TS2339: Property 'toDate' does not exist on type 'Timestamp | Date'.
  Property 'toDate' does not exist on type 'Date'.
src/components/menus/menus-report.tsx(68,69): error TS2339: Property 'toDate' does not exist on type 'Timestamp | Date'.
  Property 'toDate' does not exist on type 'Date'.
src/components/menus/menus-report.tsx(171,44): error TS2339: Property 'toDate' does not exist on type 'Timestamp | Date'.
  Property 'toDate' does not exist on type 'Date'.
src/components/menus/menus-report.tsx(171,63): error TS2339: Property 'toDate' does not exist on type 'Timestamp | Date'.
  Property 'toDate' does not exist on type 'Date'.
src/components/menus/monthly-planner.tsx(20,32): error TS2339: Property 'toDate' does not exist on type 'Date | Timestamp'.
  Property 'toDate' does not exist on type 'Date'.
src/components/menus/monthly-planner.tsx(20,51): error TS2339: Property 'toDate' does not exist on type 'Date | Timestamp'.
  Property 'toDate' does not exist on type 'Date'.
src/components/settings/criterion-form.tsx(72,12): error TS2345: Argument of type '{ name?: string; description?: string; isActive?: boolean; maxPoints?: number; }' is not assignable to parameter of type 'Omit<EvaluationCriterion, "id">'.
  Property 'comedorId' is missing in type '{ name?: string; description?: string; isActive?: boolean; maxPoints?: number; }' but required in type 'Omit<EvaluationCriterion, "id">'.
src/components/ui/datepicker.tsx(45,11): error TS2322: Type '"dropdown-nav" | "buttons"' is not assignable to type 'CaptionLayout'.
  Type '"dropdown-nav"' is not assignable to type 'CaptionLayout'. Did you mean '"dropdown"'?
src/lib/placeholder-data.ts(6,3): error TS2741: Property 'comedorId' is missing in type '{ id: "servicio"; nombre: string; color: string; responsable: string; descripcion: string; activa: true; }' but required in type 'Area'.
src/lib/placeholder-data.ts(7,3): error TS2741: Property 'comedorId' is missing in type '{ id: "cocina"; nombre: string; color: string; responsable: string; descripcion: string; activa: true; }' but required in type 'Area'.
src/lib/placeholder-data.ts(8,3): error TS2741: Property 'comedorId' is missing in type '{ id: "limpieza"; nombre: string; color: string; responsable: string; descripcion: string; activa: true; }' but required in type 'Area'.
src/lib/placeholder-data.ts(9,3): error TS2741: Property 'comedorId' is missing in type '{ id: "almacen"; nombre: string; color: string; responsable: string; descripcion: string; activa: true; }' but required in type 'Area'.
src/lib/placeholder-data.ts(10,3): error TS2741: Property 'comedorId' is missing in type '{ id: "equipos"; nombre: string; color: string; responsable: string; descripcion: string; activa: true; }' but required in type 'Area'.
src/lib/placeholder-data.ts(11,3): error TS2741: Property 'comedorId' is missing in type '{ id: "administracion"; nombre: string; color: string; responsable: string; descripcion: string; activa: true; }' but required in type 'Area'.
src/lib/placeholder-data.ts(12,3): error TS2741: Property 'comedorId' is missing in type '{ id: "operaciones"; nombre: string; color: string; responsable: string; descripcion: string; activa: true; }' but required in type 'Area'.
src/lib/placeholder-data.ts(13,3): error TS2741: Property 'comedorId' is missing in type '{ id: "rrhh"; nombre: string; color: string; responsable: string; descripcion: string; activa: true; }' but required in type 'Area'.
src/lib/placeholder-data.ts(125,3): error TS2741: Property 'comedorId' is missing in type '{ id: string; titulo: string; descripcion: string; area: "cocina"; asignadoA: string; creadoPor: string; estado: "en-progreso"; prioridad: "alta"; periodicidad: "semanal"; fechaCreacion: Date; ... 6 more ...; recurrente: true; }' but required in type 'Task'.
src/lib/placeholder-data.ts(148,3): error TS2741: Property 'comedorId' is missing in type '{ id: string; titulo: string; descripcion: string; area: "almacen"; asignadoA: string; creadoPor: string; estado: "pendiente"; prioridad: "media"; periodicidad: "mensual"; fechaCreacion: Date; ... 6 more ...; recurrente: true; }' but required in type 'Task'.
src/lib/placeholder-data.ts(167,3): error TS2741: Property 'comedorId' is missing in type '{ id: string; titulo: string; descripcion: string; area: "servicio"; asignadoA: string; creadoPor: string; estado: "completada"; prioridad: "urgente"; periodicidad: "diaria"; fechaCreacion: Date; ... 7 more ...; recurrente: true; }' but required in type 'Task'.
src/lib/placeholder-data.ts(187,3): error TS2741: Property 'comedorId' is missing in type '{ id: string; titulo: string; descripcion: string; area: "equipos"; asignadoA: string; creadoPor: string; estado: "pendiente"; prioridad: "alta"; periodicidad: "quincenal"; fechaCreacion: Date; ... 6 more ...; recurrente: true; }' but required in type 'Task'.
src/lib/placeholder-data.ts(206,3): error TS2741: Property 'comedorId' is missing in type '{ id: string; titulo: string; descripcion: string; area: "cocina"; asignadoA: string; creadoPor: string; estado: "pendiente"; prioridad: "urgente"; periodicidad: "diaria"; fechaCreacion: Date; ... 6 more ...; recurrente: true; }' but required in type 'Task'.
src/lib/placeholder-data.ts(265,5): error TS2322: Type 'string' is not assignable to type 'Timestamp | Date'.
src/lib/placeholder-data.ts(266,5): error TS2322: Type 'string' is not assignable to type 'Timestamp | Date'.
src/lib/placeholder-data.ts(277,5): error TS2322: Type 'string' is not assignable to type 'Timestamp | Date'.
src/lib/placeholder-data.ts(278,5): error TS2322: Type 'string' is not assignable to type 'Timestamp | Date'.
src/lib/placeholder-data.ts(289,5): error TS2322: Type 'string' is not assignable to type 'Timestamp | Date'.
src/lib/placeholder-data.ts(290,5): error TS2322: Type 'string' is not assignable to type 'Timestamp | Date'.
src/lib/placeholder-data.ts(301,5): error TS2322: Type 'string' is not assignable to type 'Timestamp | Date'.
src/lib/placeholder-data.ts(302,5): error TS2322: Type 'string' is not assignable to type 'Timestamp | Date'.
src/lib/placeholder-data.ts(313,5): error TS2322: Type 'string' is not assignable to type 'Timestamp | Date'.
src/lib/placeholder-data.ts(314,5): error TS2322: Type 'string' is not assignable to type 'Timestamp | Date'.
src/lib/placeholder-data.ts(325,5): error TS2322: Type 'string' is not assignable to type 'Timestamp | Date'.
src/lib/placeholder-data.ts(326,5): error TS2322: Type 'string' is not assignable to type 'Timestamp | Date'.
src/lib/placeholder-data.ts(337,5): error TS2322: Type 'string' is not assignable to type 'Timestamp | Date'.
src/lib/placeholder-data.ts(338,5): error TS2322: Type 'string' is not assignable to type 'Timestamp | Date'.
src/lib/placeholder-data.ts(349,5): error TS2322: Type 'string' is not assignable to type 'Timestamp | Date'.
src/lib/placeholder-data.ts(350,5): error TS2322: Type 'string' is not assignable to type 'Timestamp | Date'.
src/lib/placeholder-data.ts(361,5): error TS2322: Type 'string' is not assignable to type 'Timestamp | Date'.
src/lib/placeholder-data.ts(362,5): error TS2322: Type 'string' is not assignable to type 'Timestamp | Date'.
src/lib/placeholder-data.ts(373,5): error TS2322: Type 'string' is not assignable to type 'Timestamp | Date'.
src/lib/placeholder-data.ts(374,5): error TS2322: Type 'string' is not assignable to type 'Timestamp | Date'.
src/lib/placeholder-data.ts(381,3): error TS2741: Property 'comedorId' is missing in type '{ transactionId: string; itemId: string; type: "salida"; quantity: number; date: Date; reason: string; destinationArea: "cocina"; }' but required in type 'InventoryTransaction'.
src/lib/placeholder-data.ts(382,3): error TS2741: Property 'comedorId' is missing in type '{ transactionId: string; itemId: string; type: "salida"; quantity: number; date: Date; reason: string; destinationArea: "cocina"; }' but required in type 'InventoryTransaction'.
src/lib/placeholder-data.ts(383,3): error TS2741: Property 'comedorId' is missing in type '{ transactionId: string; itemId: string; type: "salida"; quantity: number; date: Date; reason: string; destinationArea: "cocina"; }' but required in type 'InventoryTransaction'.
src/lib/placeholder-data.ts(384,3): error TS2741: Property 'comedorId' is missing in type '{ transactionId: string; itemId: string; type: "salida"; quantity: number; date: Date; reason: string; destinationArea: "cocina"; }' but required in type 'InventoryTransaction'.
src/lib/placeholder-data.ts(385,3): error TS2741: Property 'comedorId' is missing in type '{ transactionId: string; itemId: string; type: "salida"; quantity: number; date: Date; reason: string; destinationArea: "servicio"; }' but required in type 'InventoryTransaction'.
src/lib/placeholder-data.ts(386,3): error TS2741: Property 'comedorId' is missing in type '{ transactionId: string; itemId: string; type: "salida"; quantity: number; date: Date; reason: string; destinationArea: "cocina"; }' but required in type 'InventoryTransaction'.
src/lib/placeholder-data.ts(387,3): error TS2741: Property 'comedorId' is missing in type '{ transactionId: string; itemId: string; type: "salida"; quantity: number; date: Date; reason: string; destinationArea: "cocina"; }' but required in type 'InventoryTransaction'.
src/lib/placeholder-data.ts(388,3): error TS2741: Property 'comedorId' is missing in type '{ transactionId: string; itemId: string; type: "salida"; quantity: number; date: Date; reason: string; }' but required in type 'InventoryTransaction'.
src/lib/placeholder-data.ts(389,3): error TS2741: Property 'comedorId' is missing in type '{ transactionId: string; itemId: string; type: "salida"; quantity: number; date: Date; reason: string; destinationArea: "servicio"; }' but required in type 'InventoryTransaction'.
src/lib/placeholder-data.ts(390,3): error TS2741: Property 'comedorId' is missing in type '{ transactionId: string; itemId: string; type: "salida"; quantity: number; date: Date; reason: string; destinationArea: "cocina"; }' but required in type 'InventoryTransaction'.
src/lib/placeholder-data.ts(391,3): error TS2741: Property 'comedorId' is missing in type '{ transactionId: string; itemId: string; type: "salida"; quantity: number; date: Date; reason: string; destinationArea: "servicio"; }' but required in type 'InventoryTransaction'.
src/lib/placeholder-data.ts(392,3): error TS2741: Property 'comedorId' is missing in type '{ transactionId: string; itemId: string; type: "salida"; quantity: number; date: Date; reason: string; destinationArea: "administracion"; }' but required in type 'InventoryTransaction'.
src/lib/placeholder-data.ts(393,3): error TS2741: Property 'comedorId' is missing in type '{ transactionId: string; itemId: string; type: "salida"; quantity: number; date: Date; reason: string; destinationArea: "cocina"; }' but required in type 'InventoryTransaction'.
src/lib/placeholder-data.ts(394,3): error TS2741: Property 'comedorId' is missing in type '{ transactionId: string; itemId: string; type: "salida"; quantity: number; date: Date; reason: string; destinationArea: "cocina"; }' but required in type 'InventoryTransaction'.
src/lib/placeholder-data.ts(395,3): error TS2741: Property 'comedorId' is missing in type '{ transactionId: string; itemId: string; type: "salida"; quantity: number; date: Date; reason: string; }' but required in type 'InventoryTransaction'.
src/lib/placeholder-data.ts(400,3): error TS2741: Property 'comedorId' is missing in type '{ orderId: string; fechaPedido: Date; fechaEntregaEstimada: Date; proveedor: string; items: { itemId: string; nombre: string; quantity: number; unit: "kg"; costo: number; }[]; estado: "completado"; costoTotal: number; creadoPor: string; }' but required in type 'InventoryOrder'.
src/lib/placeholder-data.ts(413,3): error TS2741: Property 'comedorId' is missing in type '{ orderId: string; fechaPedido: Date; fechaEntregaEstimada: Date; proveedor: string; items: { itemId: string; nombre: string; quantity: number; unit: "kg"; costo: number; }[]; estado: "pendiente"; costoTotal: number; creadoPor: string; }' but required in type 'InventoryOrder'.
src/lib/placeholder-data.ts(500,3): error TS2741: Property 'comedorId' is missing in type '{ id: string; date: Date; pax: number; items: MenuItem[]; }' but required in type 'Menu'.
src/lib/placeholder-data.ts(506,3): error TS2741: Property 'comedorId' is missing in type '{ id: string; date: Date; pax: number; items: MenuItem[]; }' but required in type 'Menu'.
src/lib/placeholder-data.ts(512,3): error TS2741: Property 'comedorId' is missing in type '{ id: string; date: Date; pax: number; items: MenuItem[]; }' but required in type 'Menu'.
src/lib/placeholder-data.ts(518,3): error TS2741: Property 'comedorId' is missing in type '{ id: string; date: Date; pax: number; items: MenuItem[]; }' but required in type 'Menu'.
src/lib/placeholder-data.ts(524,3): error TS2741: Property 'comedorId' is missing in type '{ id: string; date: Date; pax: number; items: MenuItem[]; }' but required in type 'Menu'.
src/lib/placeholder-data.ts(533,14): error TS2741: Property 'comedorId' is missing in type '{ id: string; date: Date; pax: number; items: MenuItem[]; }' but required in type 'Menu'.
src/lib/placeholder-data.ts(545,5): error TS2561: Object literal may only specify known properties, but 'plannedMenu' does not exist in type 'DailyClosing'. Did you mean to write 'plannedMenuId'?
src/lib/placeholder-data.ts(568,3): error TS2741: Property 'comedorId' is missing in type '{ id: string; userId: string; checkIn: Date; checkOut: Date; status: "presente"; }' but required in type 'AttendanceRecord'.
src/lib/placeholder-data.ts(569,3): error TS2741: Property 'comedorId' is missing in type '{ id: string; userId: string; checkIn: Date; status: "retardo"; }' but required in type 'AttendanceRecord'.
src/lib/placeholder-data.ts(570,3): error TS2741: Property 'comedorId' is missing in type '{ id: string; userId: string; checkIn: Date; checkOut: Date; status: "presente"; }' but required in type 'AttendanceRecord'.
src/lib/placeholder-data.ts(571,3): error TS2741: Property 'comedorId' is missing in type '{ id: string; userId: string; status: "ausente"; checkIn: Date; }' but required in type 'AttendanceRecord'.
src/lib/placeholder-data.ts(574,3): error TS2741: Property 'comedorId' is missing in type '{ id: string; userId: string; checkIn: Date; checkOut: Date; status: "presente"; }' but required in type 'AttendanceRecord'.
src/lib/placeholder-data.ts(575,3): error TS2741: Property 'comedorId' is missing in type '{ id: string; userId: string; status: "ausente"; checkIn: Date; }' but required in type 'AttendanceRecord'.
src/lib/placeholder-data.ts(576,3): error TS2741: Property 'comedorId' is missing in type '{ id: string; userId: string; checkIn: Date; checkOut: Date; status: "presente"; }' but required in type 'AttendanceRecord'.
src/lib/placeholder-data.ts(577,3): error TS2741: Property 'comedorId' is missing in type '{ id: string; userId: string; checkIn: Date; checkOut: Date; status: "retardo"; }' but required in type 'AttendanceRecord'.
src/lib/placeholder-data.ts(578,3): error TS2741: Property 'comedorId' is missing in type '{ id: string; userId: string; checkIn: Date; checkOut: Date; status: "presente"; }' but required in type 'AttendanceRecord'.
src/lib/placeholder-data.ts(581,3): error TS2741: Property 'comedorId' is missing in type '{ id: string; userId: string; checkIn: Date; checkOut: Date; status: "presente"; }' but required in type 'AttendanceRecord'.
src/lib/placeholder-data.ts(582,3): error TS2741: Property 'comedorId' is missing in type '{ id: string; userId: string; checkIn: Date; checkOut: Date; status: "presente"; }' but required in type 'AttendanceRecord'.
src/lib/placeholder-data.ts(583,3): error TS2741: Property 'comedorId' is missing in type '{ id: string; userId: string; checkIn: Date; checkOut: Date; status: "presente"; }' but required in type 'AttendanceRecord'.
src/lib/placeholder-data.ts(584,3): error TS2741: Property 'comedorId' is missing in type '{ id: string; userId: string; checkIn: Date; checkOut: Date; status: "presente"; }' but required in type 'AttendanceRecord'.
src/lib/placeholder-data.ts(585,3): error TS2741: Property 'comedorId' is missing in type '{ id: string; userId: string; status: "ausente"; checkIn: Date; }' but required in type 'AttendanceRecord'.
src/lib/placeholder-data.ts(588,3): error TS2741: Property 'comedorId' is missing in type '{ id: string; userId: string; checkIn: Date; checkOut: Date; status: "retardo"; }' but required in type 'AttendanceRecord'.
src/lib/placeholder-data.ts(589,3): error TS2741: Property 'comedorId' is missing in type '{ id: string; userId: string; status: "ausente"; checkIn: Date; }' but required in type 'AttendanceRecord'.
tailwind.config.ts(4,3): error TS2322: Type '["class"]' is not assignable to type 'DarkModeStrategy'.
  Type '["class"]' is not assignable to type '["class", string]'.
    Source has 1 element(s) but target requires 2.
